{"shape": CIRCLE, "shown": true, "fill": "#00ffc0", "outline": "green", "outline_width": 1, "size": 5, "aspect": 1, "rotation": 0, "label": {"shown": true, "offset": {0, 1}, "size": 10, "color": black, "rotation": 0, "interline": 0.20, "style": {"slant": normal, "weight": normal, "family": }}, "label_text": ""}
{"clade": "$clade1"}
{"shape": CIRCLE, "shown": true, "fill": "#00ffc0", "outline": "red", "outline_width": 1, "size": 20, "aspect": 1, "rotation": 0, "label": {"shown": true, "offset": {0, 1}, "size": 10, "color": black, "rotation": 0, "interline": 0.20, "style": {"slant": normal, "weight": normal, "family": }}, "label_text": ""}
{"clade": "$clade1"}
{"shape": CIRCLE, "shown": true, "fill": "#7fffdf", "outline": "green", "outline_width": 1, "size": 5, "aspect": 1, "rotation": 0, "label": {"shown": true, "offset": {0, 1}, "size": 10, "color": black, "rotation": 0, "interline": 0.20, "style": {"slant": normal, "weight": normal, "family": }}, "label_text": ""}
{"clade": "$clade2"}
{"shape": CIRCLE, "shown": true, "fill": "magenta", "outline": "green", "outline_width": 1, "size": 5, "aspect": 1, "rotation": 0, "label": {"shown": true, "offset": {0, 1}, "size": 10, "color": black, "rotation": 0, "interline": 0.20, "style": {"slant": normal, "weight": normal, "family": }}, "label_text": ""}
{"clade": "$clade1"}
{"shape": CIRCLE, "shown": true, "fill": "cyan", "outline": "green", "outline_width": 1, "size": 5, "aspect": 1, "rotation": 0, "label": {"shown": true, "offset": {0, 1}, "size": 10, "color": black, "rotation": 0, "interline": 0.20, "style": {"slant": normal, "weight": normal, "family": }}, "label_text": ""}
{"clade": "$clade1"}
{"shape": CIRCLE, "shown": true, "fill": "cyan", "outline": "green", "outline_width": 1, "size": 5, "aspect": 1, "rotation": 0, "label": {"shown": true, "offset": {0, 1}, "size": 10, "color": black, "rotation": 0, "interline": 0.20, "style": {"slant": normal, "weight": normal, "family": }}, "label_text": ""}
{"clade": "$clade1"}
{"shape": CIRCLE, "shown": true, "fill": "yellow", "outline": "green", "outline_width": 1, "size": 5, "aspect": 1, "rotation": 0, "label": {"shown": true, "offset": {0, 1}, "size": 10, "color": black, "rotation": 0, "interline": 0.20, "style": {"slant": normal, "weight": normal, "family": }}, "label_text": ""}
{"clade": "$clade1"}
{"shape": CIRCLE, "shown": true, "fill": "#7fffdf", "outline": "green", "outline_width": 1, "size": 5, "aspect": 1, "rotation": 0, "label": {"shown": true, "offset": {0, 1}, "size": 10, "color": black, "rotation": 0, "interline": 0.20, "style": {"slant": normal, "weight": normal, "family": }}, "label_text": ""}
{"clade": "$clade1"}
